---
source: tests/ranges.rs
expression: RANGES
---
Ranges {
    ch8_unsigned: MinMidMax {
        min: 0,
        mid: 127,
        max: 255,
    },
    ch12_unsigned: MinMidMax {
        min: 0,
        mid: 2047,
        max: 4095,
    },
    ch16_unsigned: MinMidMax {
        min: 0,
        mid: 32767,
        max: 65535,
    },
    ch24_unsigned: MinMidMax {
        min: 0,
        mid: 8388607,
        max: 16777215,
    },
    ch8_signed: MinMidMax {
        min: -128,
        mid: -1,
        max: 127,
    },
    ch12_signed: MinMidMax {
        min: -2048,
        mid: -1,
        max: 2047,
    },
    ch16_signed: MinMidMax {
        min: -32768,
        mid: -1,
        max: 32767,
    },
    ch24_signed: MinMidMax {
        min: -8388608,
        mid: -1,
        max: 8388607,
    },
}
